../Core/Src/main.c:105:6:microDelay	16	static
../Core/Src/main.c:152:6:MPU6050_Init	32	static
../Core/Src/main.c:183:6:MPU6050_Read_Accel	40	static
../Core/Src/main.c:205:6:MPU6050_Read_Gyro	40	static
../Core/Src/main.c:226:6:HAL_TIM_PeriodElapsedCallback	16	static
../Core/Src/main.c:240:5:main	16	static
../Core/Src/main.c:318:6:SystemClock_Config	88	static
../Core/Src/main.c:372:13:MX_I2C1_Init	8	static
../Core/Src/main.c:406:13:MX_TIM1_Init	32	static
../Core/Src/main.c:452:13:MX_TIM7_Init	16	static
../Core/Src/main.c:490:13:MX_USART2_UART_Init	8	static
../Core/Src/main.c:521:13:MX_DMA_Init	16	static
../Core/Src/main.c:539:13:MX_GPIO_Init	48	static
../Core/Src/main.c:585:6:Error_Handler	4	static,ignoring_inline_asm
